// Jest Snapshot v1, https://goo.gl/fbAQLP

exports[`should render ExpenseList with empty message 1`] = `
<div>
  <p>
    No expenses
  </p>
</div>
`;

exports[`should render ExpenseList with expenses 1`] = `
<div>
  <ExpenseListItem
    amount={200}
    createdAt={0}
    description="Sauce"
    id="1"
    key="1"
    note=""
  />
  <ExpenseListItem
    amount={300}
    createdAt={-345600000}
    description="Juice"
    id="2"
    key="2"
    note=""
  />
  <ExpenseListItem
    amount={400}
    createdAt={345600000}
    description="gummies"
    id="3"
    key="3"
    note=""
  />
</div>
`;
